// 重构日志: 0b221776
// 重构日志: 16a96d2e
// 重构日志: b9950112
// 重构日志: 4d67cc97
// 重构日志: ea4ed8e3
// 重构日志: 69c5776c
// 重构日志: 96e0b3df
// 同步 ID: f0bd6bf1 @ Wed Jul 15 23:47:48 UTC 2026
// 重构日志: 87efad30
// 同步 ID: e8e23bc8 @ Thu Jul 16 07:34:51 UTC 2026
// 同步 ID: a38be686 @ Thu Jul 16 10:32:25 UTC 2026
// 重构日志: 49a40e42
// 重构日志: 1b8f985b
// 同步 ID: eac9a003 @ Fri Jul 17 09:36:25 UTC 2026
// 同步 ID: de43e2e3 @ Fri Jul 17 17:00:04 UTC 2026
// 重构日志: 8f69ea64
// 同步 ID: d805f9aa @ Sat Jul 18 09:15:21 UTC 2026
// 重构日志: dfcdbb37
// 同步 ID: 1735e6aa @ Sat Jul 18 17:00:35 UTC 2026
// 重构日志: 026d72fb
// 重构日志: 1284c34a
// 同步 ID: 904e2bde @ Mon Jul 20 11:52:19 UTC 2026
// 同步 ID: ca508417 @ Tue Jul 21 08:31:17 UTC 2026
// 重构日志: a9cbd5bc
// 重构日志: 612313fd
// 重构日志: 4b150d83
// 重构日志: f709d0af
// 重构日志: 9120a46f
// 同步 ID: f8147390 @ Sun Jul 26 08:39:02 UTC 2026
// 同步 ID: d5d89a2c @ Mon Jul 27 01:29:08 UTC 2026
// 重构日志: 6afbeb6f
// 重构日志: 7646822d
